Using pre-set license
Built from '2020.3/staging' branch; Version is '2020.3.6f1 (338bb68529b2) revision 3378102'; Using compiler version '192528614'; Build Type 'Release'
OS: 'Windows 10 Home; OS build 22631.4751; Version 2009; 64bit' Language: 'ru' Physical Memory: 16270 MB
BatchMode: 1, IsHumanControllingUs: 0, StartBugReporterOnCrash: 0, Is64bit: 1, IsPro: 0

 COMMAND LINE ARGUMENTS:
C:\Program Files\Unity\Hub\Editor\2020.3.6f1\Editor\Unity.exe
-adb2
-batchMode
-noUpm
-name
AssetImportWorker0
-projectPath
C:/Users/user/Desktop/JumpAI-master
-logFile
Logs/AssetImportWorker0.log
-srvPort
52392
Successfully changed project path to: C:/Users/user/Desktop/JumpAI-master
C:/Users/user/Desktop/JumpAI-master
Using Asset Import Pipeline V2.
Refreshing native plugins compatible for Editor in 17.90 ms, found 0 plugins.
Preloading 0 native plugins for Editor in 0.00 ms.
Initialize engine version: 2020.3.6f1 (338bb68529b2)
[Subsystems] Discovering subsystems at path C:/Program Files/Unity/Hub/Editor/2020.3.6f1/Editor/Data/Resources/UnitySubsystems
[Subsystems] Discovering subsystems at path C:/Users/user/Desktop/JumpAI-master/Assets
GfxDevice: creating device client; threaded=0
Direct3D:
    Version:  Direct3D 11.0 [level 11.1]
    Renderer: NVIDIA GeForce RTX 3060 (ID=0x2544)
    Vendor:   
    VRAM:     8049 MB
    Driver:   31.0.15.3141
Initialize mono
Mono path[0] = 'C:/Program Files/Unity/Hub/Editor/2020.3.6f1/Editor/Data/Managed'
Mono path[1] = 'C:/Program Files/Unity/Hub/Editor/2020.3.6f1/Editor/Data/MonoBleedingEdge/lib/mono/unityjit'
Mono config path = 'C:/Program Files/Unity/Hub/Editor/2020.3.6f1/Editor/Data/MonoBleedingEdge/etc'
Using monoOptions --debugger-agent=transport=dt_socket,embedding=1,server=y,suspend=n,address=127.0.0.1:56280
Begin MonoManager ReloadAssembly
Registering precompiled unity dll's ...
Register platform support module: C:/Program Files/Unity/Hub/Editor/2020.3.6f1/Editor/Data/PlaybackEngines/WindowsStandaloneSupport/UnityEditor.WindowsStandalone.Extensions.dll
Registered in 0.001003 seconds.
Native extension for WindowsStandalone target not found
Refreshing native plugins compatible for Editor in 17.47 ms, found 0 plugins.
Preloading 0 native plugins for Editor in 0.00 ms.
Mono: successfully reloaded assembly
- Completed reload, in  1.344 seconds
Platform modules already initialized, skipping
Registering precompiled user dll's ...
Registered in 0.000449 seconds.
Begin MonoManager ReloadAssembly
Native extension for WindowsStandalone target not found
Refreshing native plugins compatible for Editor in 0.21 ms, found 0 plugins.
Preloading 0 native plugins for Editor in 0.00 ms.
Mono: successfully reloaded assembly
- Completed reload, in  0.513 seconds
Platform modules already initialized, skipping
========================================================================
Worker process is ready to serve import requests
Launched and connected shader compiler UnityShaderCompiler.exe after 0.04 seconds
Refreshing native plugins compatible for Editor in 0.37 ms, found 0 plugins.
Preloading 0 native plugins for Editor in 0.00 ms.
Unloading 1205 Unused Serialized files (Serialized files now loaded: 0)
System memory in use before: 59.5 MB.
System memory in use after: 59.6 MB.

Unloading 13 unused Assets to reduce memory usage. Loaded Objects now: 1650.
Total: 1.412700 ms (FindLiveObjects: 0.130900 ms CreateObjectMapping: 0.043200 ms MarkObjects: 1.194400 ms  DeleteObjects: 0.043500 ms)

========================================================================
Received Import Request.
  path: Assets/Script
  artifactKey: Guid(3f59708c4bae13f13b6aff40684dc2b4) Importer(815301076,1909f56bfc062723c751e8b465ee728b)
Start importing Assets/Script using Guid(3f59708c4bae13f13b6aff40684dc2b4) Importer(815301076,1909f56bfc062723c751e8b465ee728b)  -> (artifact id: 'b0330da7d67756eca532615c51eb58a9') in 0.008885 seconds
  Import took 0.010316 seconds .

========================================================================
Received Import Request.
  Time since last request: 3.441647 seconds.
  path: Assets/Fonts
  artifactKey: Guid(85104dc0edcf55e4d8c743742e65e1da) Importer(815301076,1909f56bfc062723c751e8b465ee728b)
Start importing Assets/Fonts using Guid(85104dc0edcf55e4d8c743742e65e1da) Importer(815301076,1909f56bfc062723c751e8b465ee728b)  -> (artifact id: '9601d77dc7967421d5201be31c2fc4eb') in 0.007799 seconds
  Import took 0.009524 seconds .

========================================================================
Received Import Request.
  Time since last request: 0.060528 seconds.
  path: Assets/Fonts/PixelGameFont.ttf
  artifactKey: Guid(e161863eab9e89442bd46d3d0dc04b9e) Importer(815301076,1909f56bfc062723c751e8b465ee728b)
Start importing Assets/Fonts/PixelGameFont.ttf using Guid(e161863eab9e89442bd46d3d0dc04b9e) Importer(815301076,1909f56bfc062723c751e8b465ee728b)  -> (artifact id: '858b9359980825a014dabdb593f51755') in 0.092406 seconds
  Import took 0.094076 seconds .

========================================================================
Received Import Request.
  Time since last request: 1.178931 seconds.
  path: Assets/Prefabs
  artifactKey: Guid(3ee27e8c0e678607fab70526e002c248) Importer(815301076,1909f56bfc062723c751e8b465ee728b)
Start importing Assets/Prefabs using Guid(3ee27e8c0e678607fab70526e002c248) Importer(815301076,1909f56bfc062723c751e8b465ee728b)  -> (artifact id: '11a539798b54fe413a019a6810a44ec0') in 0.007679 seconds
  Import took 0.009263 seconds .

========================================================================
Received Import Request.
  Time since last request: 0.053688 seconds.
  path: Assets/Prefabs/AIPlayer.prefab
  artifactKey: Guid(69b286715d72bff74a002883a18ce626) Importer(815301076,1909f56bfc062723c751e8b465ee728b)
Start importing Assets/Prefabs/AIPlayer.prefab using Guid(69b286715d72bff74a002883a18ce626) Importer(815301076,1909f56bfc062723c751e8b465ee728b)  -> (artifact id: '24c0da5ca9398d6f7d4c4f45d3933b78') in 0.050208 seconds
  Import took 0.051963 seconds .

========================================================================
Received Import Request.
  Time since last request: 0.000132 seconds.
  path: Assets/Prefabs/Enemy.prefab
  artifactKey: Guid(6e0cd55b68ecfe20081fe5b56cf57ed4) Importer(815301076,1909f56bfc062723c751e8b465ee728b)
Start importing Assets/Prefabs/Enemy.prefab using Guid(6e0cd55b68ecfe20081fe5b56cf57ed4) Importer(815301076,1909f56bfc062723c751e8b465ee728b)  -> (artifact id: 'cf82e15e93e3a17963f1e1ef752fc566') in 0.013205 seconds
  Import took 0.014756 seconds .

========================================================================
Received Import Request.
  Time since last request: 3.138881 seconds.
  path: Assets/_Scenes
  artifactKey: Guid(b39ced7e0e12c094db10ceb8b7c181ab) Importer(815301076,1909f56bfc062723c751e8b465ee728b)
Start importing Assets/_Scenes using Guid(b39ced7e0e12c094db10ceb8b7c181ab) Importer(815301076,1909f56bfc062723c751e8b465ee728b)  -> (artifact id: '7a97cfff42c0c06e55899406fc7358cb') in 0.007761 seconds
  Import took 0.009412 seconds .

========================================================================
Received Import Request.
  Time since last request: 1.328744 seconds.
  path: Assets/_Scenes/MainMenu.unity
  artifactKey: Guid(4d570e5a8b5e94dcf9d2f42d55edb0b4) Importer(815301076,1909f56bfc062723c751e8b465ee728b)
Start importing Assets/_Scenes/MainMenu.unity using Guid(4d570e5a8b5e94dcf9d2f42d55edb0b4) Importer(815301076,1909f56bfc062723c751e8b465ee728b)  -> (artifact id: '22169778ba815f2143d7af723256c277') in 0.008450 seconds
  Import took 0.010100 seconds .

========================================================================
Received Import Request.
  Time since last request: 54.570149 seconds.
  path: Assets/_Scenes/NeuralGenetic.unity
  artifactKey: Guid(28eabb48513ae0abfac6b083866d2853) Importer(815301076,1909f56bfc062723c751e8b465ee728b)
Start importing Assets/_Scenes/NeuralGenetic.unity using Guid(28eabb48513ae0abfac6b083866d2853) Importer(815301076,1909f56bfc062723c751e8b465ee728b)  -> (artifact id: 'e214f5e770abfe081af88cd4e3397ed5') in 0.009824 seconds
  Import took 0.011459 seconds .

========================================================================
Received Prepare
Registering precompiled user dll's ...
Registered in 0.000389 seconds.
Begin MonoManager ReloadAssembly
Native extension for WindowsStandalone target not found
Refreshing native plugins compatible for Editor in 0.21 ms, found 0 plugins.
Preloading 0 native plugins for Editor in 0.00 ms.
Mono: successfully reloaded assembly
- Completed reload, in  0.491 seconds
Platform modules already initialized, skipping
Refreshing native plugins compatible for Editor in 0.12 ms, found 0 plugins.
Preloading 0 native plugins for Editor in 0.00 ms.
Unloading 1199 Unused Serialized files (Serialized files now loaded: 0)
System memory in use before: 62.8 MB.
System memory in use after: 62.9 MB.

Unloading 4 unused Assets to reduce memory usage. Loaded Objects now: 1697.
Total: 1.206200 ms (FindLiveObjects: 0.103500 ms CreateObjectMapping: 0.028200 ms MarkObjects: 1.065100 ms  DeleteObjects: 0.008600 ms)

========================================================================
Received Import Request.
  Time since last request: 55.979132 seconds.
  path: Assets/_Scenes/LoadingScene.unity
  artifactKey: Guid(ce931fa804892a6ecbdc211dabc7a33e) Importer(815301076,1909f56bfc062723c751e8b465ee728b)
Start importing Assets/_Scenes/LoadingScene.unity using Guid(ce931fa804892a6ecbdc211dabc7a33e) Importer(815301076,1909f56bfc062723c751e8b465ee728b)  -> (artifact id: '7cff19c653cb72d80d2313c412914ac6') in 0.013027 seconds
  Import took 0.014844 seconds .

========================================================================
Received Prepare
Registering precompiled user dll's ...
Registered in 0.000388 seconds.
Begin MonoManager ReloadAssembly
Native extension for WindowsStandalone target not found
Refreshing native plugins compatible for Editor in 0.21 ms, found 0 plugins.
Preloading 0 native plugins for Editor in 0.00 ms.
Mono: successfully reloaded assembly
- Completed reload, in  0.495 seconds
Platform modules already initialized, skipping
Refreshing native plugins compatible for Editor in 0.15 ms, found 0 plugins.
Preloading 0 native plugins for Editor in 0.00 ms.
Unloading 1199 Unused Serialized files (Serialized files now loaded: 0)
System memory in use before: 62.8 MB.
System memory in use after: 63.0 MB.

Unloading 4 unused Assets to reduce memory usage. Loaded Objects now: 1700.
Total: 1.306000 ms (FindLiveObjects: 0.124900 ms CreateObjectMapping: 0.033900 ms MarkObjects: 1.137300 ms  DeleteObjects: 0.009300 ms)

========================================================================
Received Prepare
Registering precompiled user dll's ...
Registered in 0.000382 seconds.
Begin MonoManager ReloadAssembly
Native extension for WindowsStandalone target not found
Refreshing native plugins compatible for Editor in 0.21 ms, found 0 plugins.
Preloading 0 native plugins for Editor in 0.00 ms.
Mono: successfully reloaded assembly
- Completed reload, in  0.497 seconds
Platform modules already initialized, skipping
Refreshing native plugins compatible for Editor in 0.17 ms, found 0 plugins.
Preloading 0 native plugins for Editor in 0.00 ms.
Unloading 1199 Unused Serialized files (Serialized files now loaded: 0)
System memory in use before: 62.9 MB.
System memory in use after: 63.0 MB.

Unloading 4 unused Assets to reduce memory usage. Loaded Objects now: 1703.
Total: 1.474800 ms (FindLiveObjects: 0.186200 ms CreateObjectMapping: 0.047900 ms MarkObjects: 1.229900 ms  DeleteObjects: 0.010000 ms)

========================================================================
Received Import Request.
  Time since last request: 157.635966 seconds.
  path: Assets/Script/AI
  artifactKey: Guid(a3a9cbbeeeb42f6d8ba22c437e3d2a93) Importer(815301076,1909f56bfc062723c751e8b465ee728b)
Start importing Assets/Script/AI using Guid(a3a9cbbeeeb42f6d8ba22c437e3d2a93) Importer(815301076,1909f56bfc062723c751e8b465ee728b)  -> (artifact id: 'c29f7ac30f00a42bddf65ef8468e3b84') in 0.010526 seconds
  Import took 0.012207 seconds .

========================================================================
Received Import Request.
  Time since last request: 0.832948 seconds.
  path: Assets/Script/AI/Generation.cs
  artifactKey: Guid(6b9bc5bb7576f9804aa81bdff75b0e3f) Importer(815301076,1909f56bfc062723c751e8b465ee728b)
Start importing Assets/Script/AI/Generation.cs using Guid(6b9bc5bb7576f9804aa81bdff75b0e3f) Importer(815301076,1909f56bfc062723c751e8b465ee728b)  -> (artifact id: '788f85e6712df66c20f90957a62c9880') in 0.011450 seconds
  Import took 0.013087 seconds .

========================================================================
Received Import Request.
  Time since last request: 0.010643 seconds.
  path: Assets/Script/AI/Generation.cs
  artifactKey: Guid(6b9bc5bb7576f9804aa81bdff75b0e3f) Importer(815301076,1909f56bfc062723c751e8b465ee728b)
Start importing Assets/Script/AI/Generation.cs using Guid(6b9bc5bb7576f9804aa81bdff75b0e3f) Importer(815301076,1909f56bfc062723c751e8b465ee728b)  -> (artifact id: '788f85e6712df66c20f90957a62c9880') in 0.001514 seconds
  Import took 0.003200 seconds .

========================================================================
Received Import Request.
  Time since last request: 0.529453 seconds.
  path: Assets/Script/AI/NeuralGenetic.cs
  artifactKey: Guid(cb33f2da19c597e509d18ef2f1e1559d) Importer(815301076,1909f56bfc062723c751e8b465ee728b)
Start importing Assets/Script/AI/NeuralGenetic.cs using Guid(cb33f2da19c597e509d18ef2f1e1559d) Importer(815301076,1909f56bfc062723c751e8b465ee728b)  -> (artifact id: 'fe57095c251f650ef2f983510d2b59de') in 0.007516 seconds
  Import took 0.009197 seconds .

========================================================================
Received Import Request.
  Time since last request: 93.857978 seconds.
  path: Assets/Script/AI/Neuron.cs
  artifactKey: Guid(a54633d09bc2a399394a356f0e9f7878) Importer(815301076,1909f56bfc062723c751e8b465ee728b)
Start importing Assets/Script/AI/Neuron.cs using Guid(a54633d09bc2a399394a356f0e9f7878) Importer(815301076,1909f56bfc062723c751e8b465ee728b)  -> (artifact id: 'a5edc964a82db30e619d9fd6438c52b6') in 0.007694 seconds
  Import took 0.009306 seconds .

========================================================================
Received Import Request.
  Time since last request: 9.076672 seconds.
  path: Assets/Script/Enemy
  artifactKey: Guid(c189b64a3acd34cad8dac47358993ae3) Importer(815301076,1909f56bfc062723c751e8b465ee728b)
Start importing Assets/Script/Enemy using Guid(c189b64a3acd34cad8dac47358993ae3) Importer(815301076,1909f56bfc062723c751e8b465ee728b)  -> (artifact id: '4e2fa7952b145443e03f4cf3cd37b75b') in 0.001711 seconds
  Import took 0.003214 seconds .

========================================================================
Received Import Request.
  Time since last request: 0.599306 seconds.
  path: Assets/Script/Enemy/EnemyAnimation.cs
  artifactKey: Guid(c6f3b1a76454715a3ab5b8e6362f0fee) Importer(815301076,1909f56bfc062723c751e8b465ee728b)
Start importing Assets/Script/Enemy/EnemyAnimation.cs using Guid(c6f3b1a76454715a3ab5b8e6362f0fee) Importer(815301076,1909f56bfc062723c751e8b465ee728b)  -> (artifact id: '21856b7c4436be79a17004fd70b9b8a3') in 0.007898 seconds
  Import took 0.009536 seconds .

========================================================================
Received Import Request.
  Time since last request: 8.508830 seconds.
  path: Assets/Script/Environment
  artifactKey: Guid(1f9acf89b57924a42be5a876df1f0f28) Importer(815301076,1909f56bfc062723c751e8b465ee728b)
Start importing Assets/Script/Environment using Guid(1f9acf89b57924a42be5a876df1f0f28) Importer(815301076,1909f56bfc062723c751e8b465ee728b)  -> (artifact id: '8f3010f5f9f72dc9acb2cf9ae23da499') in 0.008023 seconds
  Import took 0.009745 seconds .

========================================================================
Received Import Request.
  Time since last request: 1.970977 seconds.
  path: Assets/Script/Managers
  artifactKey: Guid(8432eddadb9e14c858e672e4f41af10d) Importer(815301076,1909f56bfc062723c751e8b465ee728b)
Start importing Assets/Script/Managers using Guid(8432eddadb9e14c858e672e4f41af10d) Importer(815301076,1909f56bfc062723c751e8b465ee728b)  -> (artifact id: '0fb8af6d5da6081c8eb22253e523d2f8') in 0.007984 seconds
  Import took 0.009649 seconds .

========================================================================
Received Import Request.
  Time since last request: 1.489877 seconds.
  path: Assets/Script/Managers/EnemySpawn.cs
  artifactKey: Guid(00449cf9ed8070a149e64f7e4433cfbd) Importer(815301076,1909f56bfc062723c751e8b465ee728b)
Start importing Assets/Script/Managers/EnemySpawn.cs using Guid(00449cf9ed8070a149e64f7e4433cfbd) Importer(815301076,1909f56bfc062723c751e8b465ee728b)  -> (artifact id: 'f182b1f4a0ddead2cd2e43af1d95e38d') in 0.007948 seconds
  Import took 0.009567 seconds .

========================================================================
Received Import Request.
  Time since last request: 11.484010 seconds.
  path: Assets/Script/Managers/NeuralManager.cs
  artifactKey: Guid(db018f4dbc4485d08b23f1faf668cf0e) Importer(815301076,1909f56bfc062723c751e8b465ee728b)
Start importing Assets/Script/Managers/NeuralManager.cs using Guid(db018f4dbc4485d08b23f1faf668cf0e) Importer(815301076,1909f56bfc062723c751e8b465ee728b)  -> (artifact id: 'cd2d478786e5ed3d621180eed00e0926') in 0.008148 seconds
  Import took 0.010195 seconds .

========================================================================
Received Import Request.
  Time since last request: 7.240487 seconds.
  path: Assets/Script/UI
  artifactKey: Guid(5e9843ce2d1b12703beb6cecb7d59d05) Importer(815301076,1909f56bfc062723c751e8b465ee728b)
Start importing Assets/Script/UI using Guid(5e9843ce2d1b12703beb6cecb7d59d05) Importer(815301076,1909f56bfc062723c751e8b465ee728b)  -> (artifact id: 'dc73d02dcc0c08803671ad5e69d7ea4f') in 0.009084 seconds
  Import took 0.010785 seconds .

========================================================================
Received Import Request.
  Time since last request: 2252.192821 seconds.
  path: Assets/_Scenes/Player.unity
  artifactKey: Guid(2cda990e2423bbf4892e6590ba056729) Importer(815301076,1909f56bfc062723c751e8b465ee728b)
Start importing Assets/_Scenes/Player.unity using Guid(2cda990e2423bbf4892e6590ba056729) Importer(815301076,1909f56bfc062723c751e8b465ee728b)  -> (artifact id: 'bb2370c444a6655fe69e628648a10b7e') in 0.048177 seconds
  Import took 0.052286 seconds .

========================================================================
Received Prepare
Registering precompiled user dll's ...
Registered in 0.000605 seconds.
Begin MonoManager ReloadAssembly
Native extension for WindowsStandalone target not found
Refreshing native plugins compatible for Editor in 0.22 ms, found 0 plugins.
Preloading 0 native plugins for Editor in 0.00 ms.
Mono: successfully reloaded assembly
- Completed reload, in  0.558 seconds
Platform modules already initialized, skipping
Refreshing native plugins compatible for Editor in 0.21 ms, found 0 plugins.
Preloading 0 native plugins for Editor in 0.00 ms.
Unloading 1199 Unused Serialized files (Serialized files now loaded: 0)
System memory in use before: 62.9 MB.
System memory in use after: 63.0 MB.

Unloading 4 unused Assets to reduce memory usage. Loaded Objects now: 1706.
Total: 1.659300 ms (FindLiveObjects: 0.228900 ms CreateObjectMapping: 0.074500 ms MarkObjects: 1.342500 ms  DeleteObjects: 0.012400 ms)

========================================================================
Received Prepare
Registering precompiled user dll's ...
Registered in 0.000682 seconds.
Begin MonoManager ReloadAssembly
Native extension for WindowsStandalone target not found
Refreshing native plugins compatible for Editor in 0.52 ms, found 0 plugins.
Preloading 0 native plugins for Editor in 0.00 ms.
Mono: successfully reloaded assembly
- Completed reload, in  0.888 seconds
Platform modules already initialized, skipping
Refreshing native plugins compatible for Editor in 0.34 ms, found 0 plugins.
Preloading 0 native plugins for Editor in 0.00 ms.
Unloading 1199 Unused Serialized files (Serialized files now loaded: 0)
System memory in use before: 62.9 MB.
System memory in use after: 63.0 MB.

Unloading 4 unused Assets to reduce memory usage. Loaded Objects now: 1709.
Total: 1.789300 ms (FindLiveObjects: 0.142300 ms CreateObjectMapping: 0.048500 ms MarkObjects: 1.585700 ms  DeleteObjects: 0.011700 ms)

========================================================================
Received Import Request.
  Time since last request: 126.851764 seconds.
  path: Assets/Script/Player
  artifactKey: Guid(144242b544074a807b17f7fe66adc130) Importer(815301076,1909f56bfc062723c751e8b465ee728b)
Start importing Assets/Script/Player using Guid(144242b544074a807b17f7fe66adc130) Importer(815301076,1909f56bfc062723c751e8b465ee728b)  -> (artifact id: 'd77509f8fb56634fcd68b26e3e11e7a4') in 0.009520 seconds
  Import took 0.011261 seconds .

========================================================================
Received Import Request.
  Time since last request: 8.978316 seconds.
  path: Assets/Script/Player/Test.cs
  artifactKey: Guid(07ce8855f773aaf4eaca79ef7113aa8d) Importer(815301076,1909f56bfc062723c751e8b465ee728b)
Start importing Assets/Script/Player/Test.cs using Guid(07ce8855f773aaf4eaca79ef7113aa8d) Importer(815301076,1909f56bfc062723c751e8b465ee728b)  -> (artifact id: '00aed29f6cfeb49d5b5b53aaae757df3') in 0.008330 seconds
  Import took 0.010506 seconds .

========================================================================
Received Prepare
Registering precompiled user dll's ...
Registered in 0.000444 seconds.
Begin MonoManager ReloadAssembly
Native extension for WindowsStandalone target not found
Refreshing native plugins compatible for Editor in 0.21 ms, found 0 plugins.
Preloading 0 native plugins for Editor in 0.00 ms.
Mono: successfully reloaded assembly
- Completed reload, in  0.526 seconds
Platform modules already initialized, skipping
Refreshing native plugins compatible for Editor in 0.21 ms, found 0 plugins.
Preloading 0 native plugins for Editor in 0.00 ms.
Unloading 1200 Unused Serialized files (Serialized files now loaded: 0)
System memory in use before: 62.9 MB.
System memory in use after: 63.0 MB.

Unloading 4 unused Assets to reduce memory usage. Loaded Objects now: 1713.
Total: 1.393300 ms (FindLiveObjects: 0.137900 ms CreateObjectMapping: 0.034600 ms MarkObjects: 1.208900 ms  DeleteObjects: 0.011000 ms)

========================================================================
Received Import Request.
  Time since last request: 472.543935 seconds.
  path: Assets/Sprites
  artifactKey: Guid(1a9329c4f9c9278c1a0cc5a5caa1b49d) Importer(815301076,1909f56bfc062723c751e8b465ee728b)
Start importing Assets/Sprites using Guid(1a9329c4f9c9278c1a0cc5a5caa1b49d) Importer(815301076,1909f56bfc062723c751e8b465ee728b)  -> (artifact id: 'c00f5fecc1b86253d7216f6e3d158a2b') in 0.011929 seconds
  Import took 0.013757 seconds .

========================================================================
Received Import Request.
  Time since last request: 0.067362 seconds.
  path: Assets/Sprites/Square.png
  artifactKey: Guid(278072c5c573d39dd8d53bc6417627d5) Importer(815301076,1909f56bfc062723c751e8b465ee728b)
Start importing Assets/Sprites/Square.png using Guid(278072c5c573d39dd8d53bc6417627d5) Importer(815301076,1909f56bfc062723c751e8b465ee728b)  -> (artifact id: 'c854bbc408163fdd08dffe9c62bd55fb') in 0.077968 seconds
  Import took 0.079592 seconds .

========================================================================
Received Import Request.
  Time since last request: 1.345831 seconds.
  path: Assets/Sprites/player
  artifactKey: Guid(b238712f596e3cd4ba995a3da6a084c2) Importer(815301076,1909f56bfc062723c751e8b465ee728b)
Start importing Assets/Sprites/player using Guid(b238712f596e3cd4ba995a3da6a084c2) Importer(815301076,1909f56bfc062723c751e8b465ee728b)  -> (artifact id: '738e88f612c73d6d0e127e05abf2924f') in 0.008363 seconds
  Import took 0.010031 seconds .

========================================================================
Received Import Request.
  Time since last request: 3.118866 seconds.
  path: Assets/Sprites/player/idle
  artifactKey: Guid(ea09c4c1e61e6604db237294cb1c24d7) Importer(815301076,1909f56bfc062723c751e8b465ee728b)
Start importing Assets/Sprites/player/idle using Guid(ea09c4c1e61e6604db237294cb1c24d7) Importer(815301076,1909f56bfc062723c751e8b465ee728b)  -> (artifact id: 'c144d275d6560b7cdd7706fdf58d430b') in 0.007708 seconds
  Import took 0.009372 seconds .

========================================================================
Received Import Request.
  Time since last request: 0.000262 seconds.
  path: Assets/Sprites/player/idle
  artifactKey: Guid(ea09c4c1e61e6604db237294cb1c24d7) Importer(815301076,1909f56bfc062723c751e8b465ee728b)
Start importing Assets/Sprites/player/idle using Guid(ea09c4c1e61e6604db237294cb1c24d7) Importer(815301076,1909f56bfc062723c751e8b465ee728b)  -> (artifact id: 'c144d275d6560b7cdd7706fdf58d430b') in 0.001443 seconds
  Import took 0.002889 seconds .

========================================================================
Received Import Request.
  Time since last request: 0.058327 seconds.
  path: Assets/Sprites/player/idle/player-idle-1.png
  artifactKey: Guid(72de0c64f2c6a498096698322c976a67) Importer(815301076,1909f56bfc062723c751e8b465ee728b)
Start importing Assets/Sprites/player/idle/player-idle-1.png using Guid(72de0c64f2c6a498096698322c976a67) Importer(815301076,1909f56bfc062723c751e8b465ee728b)  -> (artifact id: 'b63043f5a91a3641bef159f467188e31') in 0.012568 seconds
  Import took 0.014319 seconds .

========================================================================
Received Import Request.
  Time since last request: 0.000123 seconds.
  path: Assets/Sprites/player/idle/player-idle-4.png
  artifactKey: Guid(8bc3c2c2a565342aab778fd8e874313a) Importer(815301076,1909f56bfc062723c751e8b465ee728b)
Start importing Assets/Sprites/player/idle/player-idle-4.png using Guid(8bc3c2c2a565342aab778fd8e874313a) Importer(815301076,1909f56bfc062723c751e8b465ee728b)  -> (artifact id: '0fefc0fb8acda95938ad0154fc4eaf42') in 0.011278 seconds
  Import took 0.012766 seconds .

========================================================================
Received Import Request.
  Time since last request: 0.000144 seconds.
  path: Assets/Sprites/player/idle/player-idle-3.png
  artifactKey: Guid(077f0469c420a4365bc67943783293df) Importer(815301076,1909f56bfc062723c751e8b465ee728b)
Start importing Assets/Sprites/player/idle/player-idle-3.png using Guid(077f0469c420a4365bc67943783293df) Importer(815301076,1909f56bfc062723c751e8b465ee728b)  -> (artifact id: '79e27ea3f24116d64bc802bc470613ac') in 0.011213 seconds
  Import took 0.013093 seconds .

========================================================================
Received Import Request.
  Time since last request: 0.000136 seconds.
  path: Assets/Sprites/player/idle/player-idle-2.png
  artifactKey: Guid(c8a742c1f2ebb43b9afe34a47304c051) Importer(815301076,1909f56bfc062723c751e8b465ee728b)
Start importing Assets/Sprites/player/idle/player-idle-2.png using Guid(c8a742c1f2ebb43b9afe34a47304c051) Importer(815301076,1909f56bfc062723c751e8b465ee728b)  -> (artifact id: 'bf121fa124d66fb47346c2de50ce0d03') in 0.012763 seconds
  Import took 0.014396 seconds .

AssetImportWorkerClient::OnTransportError - code=2 error=End of file
